[overflow.1] arithmetic overflow on signed + in func__a + func__b: SUCCESS
VERIFICATION SUCCESSFUL
