[overflow.1] arithmetic overflow on signed + in proc__a + proc__b: SUCCESS
VERIFICATION SUCCESSFUL
