[precondition_instance.1] memcpy src/dst overlap: SUCCESS
[precondition_instance.10] memcpy src/dst overlap: SUCCESS
[precondition_instance.11] memcpy source region readable: SUCCESS
[precondition_instance.12] memcpy destination region writeable: SUCCESS
[precondition_instance.13] memcpy src/dst overlap: SUCCESS
[precondition_instance.14] memcpy source region readable: SUCCESS
[precondition_instance.15] memcpy destination region writeable: SUCCESS
[precondition_instance.16] memcpy src/dst overlap: SUCCESS
[precondition_instance.17] memcpy source region readable: SUCCESS
[precondition_instance.18] memcpy destination region writeable: SUCCESS
[precondition_instance.2] memcpy source region readable: SUCCESS
[precondition_instance.3] memcpy destination region writeable: SUCCESS
[precondition_instance.4] memcpy src/dst overlap: SUCCESS
[precondition_instance.5] memcpy source region readable: SUCCESS
[precondition_instance.6] memcpy destination region writeable: SUCCESS
[precondition_instance.7] memcpy src/dst overlap: SUCCESS
[precondition_instance.8] memcpy source region readable: SUCCESS
[precondition_instance.9] memcpy destination region writeable: SUCCESS
[1] file arrays_attributes_static.adb line 16 assertion: SUCCESS
[2] file arrays_attributes_static.adb line 17 assertion: SUCCESS
VERIFICATION SUCCESSFUL
