[1] file main_params_and_return.adb line 19 : SUCCESS
[2] file main_params_and_return.adb line 20 : SUCCESS
VERIFICATION SUCCESSFUL
