[assertion.1] Range Check: FAILURE
[assertion.2] Range Check: SUCCESS
[assertion.3] Range Check: FAILURE
[precondition_instance.1] memcpy src/dst overlap: SUCCESS
[precondition_instance.2] memcpy source region readable: SUCCESS
[precondition_instance.3] memcpy destination region writeable: SUCCESS
[1] file arrays_range.adb line 9 assertion: SUCCESS
[2] file arrays_range.adb line 11 assertion: SUCCESS
[3] file arrays_range.adb line 13 assertion: SUCCESS
VERIFICATION FAILED
