[overflow.1] arithmetic overflow on signed - in recursion__a - 1: SUCCESS
VERIFICATION SUCCESSFUL
