[division-by-zero.1] file divide_by_zero.adb line 6 division by zero in divide_by_zero__a / divide_by_zero__b: FAILURE
VERIFICATION FAILED
