[1] file mixed_parameters.adb line 10 : SUCCESS
[2] file mixed_parameters.adb line 12 : SUCCESS
[3] file mixed_parameters.adb line 14 : SUCCESS
[4] file mixed_parameters.adb line 16 : SUCCESS
[5] file mixed_parameters.adb line 18 : FAILURE
VERIFICATION FAILED
