[1] file op_or.adb line 6 : SUCCESS
[2] file op_or.adb line 7 : SUCCESS
[3] file op_or.adb line 8 : SUCCESS
[4] file op_or.adb line 9 : FAILURE
[5] file op_or.adb line 10 : SUCCESS

VERIFICATION FAILED
