[1] file case_expression.adb line 14 assertion: SUCCESS
[2] file case_expression.adb line 15 assertion: SUCCESS
VERIFICATION SUCCESSFUL
