CBMC version 5.6 64-bit x86_64 linux
Parsing loops.json_symtab
Converting
Generating GOTO Program
Adding CPROVER library (x86_64)
Removal of function pointers and virtual functions
Partial Inlining
Generic Property Instrumentation
Starting Bounded Model Checking
Unwinding loop loops.0 iteration 1 (10 max) file loops.adb line 14 column 28 thread 0
Unwinding loop loops.0 iteration 2 (10 max) file loops.adb line 14 column 28 thread 0
Unwinding loop loops.0 iteration 3 (10 max) file loops.adb line 14 column 28 thread 0
Unwinding loop loops.0 iteration 4 (10 max) file loops.adb line 14 column 28 thread 0
Unwinding loop loops.1 iteration 1 (10 max) file loops.adb line 21 column 23 thread 0
Unwinding loop loops.1 iteration 2 (10 max) file loops.adb line 21 column 23 thread 0
Unwinding loop loops.1 iteration 3 (10 max) file loops.adb line 21 column 23 thread 0
Unwinding loop loops.1 iteration 4 (10 max) file loops.adb line 21 column 23 thread 0
Unwinding loop loops.2 iteration 1 (10 max) file loops.adb line 34 column 17 thread 0
Unwinding loop loops.2 iteration 2 (10 max) file loops.adb line 34 column 17 thread 0
Unwinding loop loops.2 iteration 3 (10 max) file loops.adb line 34 column 17 thread 0
Unwinding loop loops.2 iteration 4 (10 max) file loops.adb line 34 column 17 thread 0
Unwinding loop loops.2 iteration 5 (10 max) file loops.adb line 34 column 17 thread 0
Unwinding loop loops.2 iteration 6 (10 max) file loops.adb line 34 column 17 thread 0
Unwinding loop loops.2 iteration 7 (10 max) file loops.adb line 34 column 17 thread 0
Unwinding loop loops.2 iteration 8 (10 max) file loops.adb line 34 column 17 thread 0
Unwinding loop loops.2 iteration 9 (10 max) file loops.adb line 34 column 17 thread 0
Not unwinding loop loops.2 iteration 10 (10 max) file loops.adb line 34 column 17 thread 0
Unwinding loop loops.3 iteration 1 (10 max) file loops.adb line 39 column 16 thread 0
Unwinding loop loops.3 iteration 2 (10 max) file loops.adb line 39 column 16 thread 0
Unwinding loop loops.3 iteration 3 (10 max) file loops.adb line 39 column 16 thread 0
Unwinding loop loops.3 iteration 4 (10 max) file loops.adb line 39 column 16 thread 0
Unwinding loop loops.3 iteration 5 (10 max) file loops.adb line 39 column 16 thread 0
Unwinding loop loops.3 iteration 6 (10 max) file loops.adb line 39 column 16 thread 0
Unwinding loop loops.3 iteration 7 (10 max) file loops.adb line 39 column 16 thread 0
Unwinding loop loops.3 iteration 8 (10 max) file loops.adb line 39 column 16 thread 0
Unwinding loop loops.3 iteration 9 (10 max) file loops.adb line 39 column 16 thread 0
Not unwinding loop loops.3 iteration 10 (10 max) file loops.adb line 39 column 16 thread 0
size of program expression: 185 steps
simple slicing removed 0 assignments
Generated 0 VCC(s), 0 remaining after simplification
VERIFICATION SUCCESSFUL
