[overflow.1] arithmetic overflow on signed + in records__d.records__x__a + records__c: SUCCESS
VERIFICATION SUCCESSFUL
