[overflow.1] arithmetic overflow on signed + in proc_args__assign2__d + proc_args__assign2__e: SUCCESS
VERIFICATION SUCCESSFUL
