[1] : FAILURE
[3] : FAILURE
[2] : SUCCESS
[4] : SUCCESS
VERIFICATION FAILED
