[overflow.1] arithmetic overflow on signed + in assign__a + assign__b: SUCCESS
VERIFICATION SUCCESSFUL
