[1] : SUCCESS
[2] : SUCCESS
[overflow.1] arithmetic overflow on signed + in whileloop__a + whileloop__c: SUCCESS
[overflow.2] arithmetic overflow on signed - in whileloop__a - whileloop__c: SUCCESS
VERIFICATION SUCCESSFUL
