[1] file case_expression_others.adb line 11 assertion: SUCCESS
[2] file case_expression_others.adb line 12 assertion: SUCCESS
VERIFICATION SUCCESSFUL
