[1] file divide.adb line 4 : SUCCESS
[2] file divide.adb line 6 : SUCCESS
[3] file divide.adb line 8 : FAILURE
VERIFICATION FAILED
