[1] file lhs_op_or.adb line 7 assertion: SUCCESS
VERIFICATION SUCCESSFUL
