[1] file and_then.adb line 8 : SUCCESS
[2] file and_then.adb line 13 : SUCCESS
[3] file and_then.adb line 18 : FAILURE
VERIFICATION FAILED
