[1] file func_args.adb line 10 : SUCCESS
[2] file func_args.adb line 11 : FAILURE
VERIFICATION FAILED
