[1] file absolute.adb line 7 : SUCCESS
[2] file absolute.adb line 8 : SUCCESS
[3] file absolute.adb line 10 : FAILURE
VERIFICATION FAILED
[1] file absolute_float.adb line 7 : SUCCESS
[2] file absolute_float.adb line 8 : SUCCESS
[3] file absolute_float.adb line 10 : FAILURE
VERIFICATION FAILED
