[1] file attribute_pos_val.adb line 11 assertion: FAILURE
[2] file attribute_pos_val.adb line 12 assertion: SUCCESS
[3] file attribute_pos_val.adb line 13 assertion: SUCCESS
[4] file attribute_pos_val.adb line 15 assertion: SUCCESS
[5] file attribute_pos_val.adb line 16 assertion: SUCCESS
[6] file attribute_pos_val.adb line 17 assertion: SUCCESS
[7] file attribute_pos_val.adb line 20 assertion: SUCCESS
[8] file attribute_pos_val.adb line 21 assertion: SUCCESS
[9] file attribute_pos_val.adb line 22 assertion: SUCCESS
[10] file attribute_pos_val.adb line 23 assertion: SUCCESS
VERIFICATION FAILED
