CBMC version 5.6 64-bit x86_64 linux
Parsing subtyp.json_symtab
Converting
Generating GOTO Program
Adding CPROVER library (x86_64)
Removal of function pointers and virtual functions
Partial Inlining
Generic Property Instrumentation
Starting Bounded Model Checking

simple slicing removed 5 assignments
Generated 1 VCC(s), 1 remaining after simplification
Passing problem to propositional reduction
converting SSA
Running propositional reduction
Post-processing
Solving with MiniSAT 2.2.1 with simplifier
33 variables, 0 clauses
SAT checker inconsistent: instance is UNSATISFIABLE
Runtime decision procedure: 0s

** Results:
[overflow.1] arithmetic overflow on signed + in subtyp__inc__x + 1: SUCCESS

** 0 of 1 failed (1 iteration)
VERIFICATION SUCCESSFUL

